// Jest Snapshot v1, https://goo.gl/fbAQLP

exports[`renders correctly 1`] = `
<div
  className="row"
>
  <div
    className="col"
  >
    <h3>
      Roll under
    </h3>
  </div>
  <div
    className="col"
  >
    <h3
      className="roll-under-value"
    >
      51
    </h3>
  </div>
</div>
`;
