// Jest Snapshot v1, https://goo.gl/fbAQLP

exports[`renders correctly 1`] = `
<span>
  Wallet:
  <a
    href="https://ropsten.etherscan.io/address/0x0123"
  >
    0x0123
  </a>
</span>
`;
